// Vitest Snapshot v1, https://vitest.dev/guide/snapshot.html

exports[`encode duplicated 1`] = `
"zr[]=deedee
zr[]=123
ar[]=one
ar[]=three
str=3
brr=3
"
`;

exports[`encode foo 1`] = `
"o=p
a with spaces=b  c
" xa  n          p "="\\"\\r\\nyoyoyo\\r\\r\\n"
"[disturbing]"=hey you never know
s=something
s1="something'
s2=something else
s3=
s4=
s5="   "
s6=" a "
s7=true
true=true
false=false
null=null
undefined=undefined
zr[]=deedee
ar[]=one
ar[]=three
ar[]=this is included
br=warm
eq="eq=eq"

[a]
av=a val
e={ o: p, a: { av: a val, b: { c: { e: "this [value]" } } } }
j="\\"{ o: \\"p\\", a: { av: \\"a val\\", b: { c: { e: \\"this [value]\\" } } } }\\""
"[]"=a square?
cr[]=four
cr[]=eight

[a.b.c]
e=1
j=2

[x\\.y\\.z]
x.y.z=xyz

[x\\.y\\.z.a\\.b\\.c]
a.b.c=abc
nocomment=this\\; this is not a comment
noHashComment=this\\# this is not a comment
"
`;
